This TS Qn open source SW term preject test Photo